// Jest Snapshot v1, https://goo.gl/fbAQLP

exports[`testing <CardList /> component it should match snapshot 1`] = `
Object {
  "asFragment": [Function],
  "baseElement": <body>
    <div>
      <div
        class="cardList"
        data-testid="Todo List"
      >
        <div
          class="cardLable"
        >
          <section
            data-testid="editable-input"
          >
            <div>
              <span>
                Todo List
              </span>
            </div>
          </section>
        </div>
        <div
          class="cardContainer"
        />
        <div
          class="inputContainer"
        >
          <input
            aria-label="cost-input"
            class="inp"
            data-testid="add-card-input"
            placeholder="add task here"
            value=""
          />
          <button
            class="icon-button-img"
            data-testid="add-card-button"
            disabled=""
            icon="plus"
          >
            <img
              alt="plus"
              aria-disabled="true"
              aria-label="cost-icon-button"
              class="image-button"
              src="plus.png"
            />
          </button>
        </div>
        <div
          class="delete-btn-container"
        >
          <button
            class="delete-button"
            data-testid="Todo List-delete-button"
            type="delte"
          >
            Delete
          </button>
        </div>
      </div>
    </div>
  </body>,
  "container": <div>
    <div
      class="cardList"
      data-testid="Todo List"
    >
      <div
        class="cardLable"
      >
        <section
          data-testid="editable-input"
        >
          <div>
            <span>
              Todo List
            </span>
          </div>
        </section>
      </div>
      <div
        class="cardContainer"
      />
      <div
        class="inputContainer"
      >
        <input
          aria-label="cost-input"
          class="inp"
          data-testid="add-card-input"
          placeholder="add task here"
          value=""
        />
        <button
          class="icon-button-img"
          data-testid="add-card-button"
          disabled=""
          icon="plus"
        >
          <img
            alt="plus"
            aria-disabled="true"
            aria-label="cost-icon-button"
            class="image-button"
            src="plus.png"
          />
        </button>
      </div>
      <div
        class="delete-btn-container"
      >
        <button
          class="delete-button"
          data-testid="Todo List-delete-button"
          type="delte"
        >
          Delete
        </button>
      </div>
    </div>
  </div>,
  "debug": [Function],
  "findAllByAltText": [Function],
  "findAllByDisplayValue": [Function],
  "findAllByLabelText": [Function],
  "findAllByPlaceholderText": [Function],
  "findAllByRole": [Function],
  "findAllByTestId": [Function],
  "findAllByText": [Function],
  "findAllByTitle": [Function],
  "findByAltText": [Function],
  "findByDisplayValue": [Function],
  "findByLabelText": [Function],
  "findByPlaceholderText": [Function],
  "findByRole": [Function],
  "findByTestId": [Function],
  "findByText": [Function],
  "findByTitle": [Function],
  "getAllByAltText": [Function],
  "getAllByDisplayValue": [Function],
  "getAllByLabelText": [Function],
  "getAllByPlaceholderText": [Function],
  "getAllByRole": [Function],
  "getAllByTestId": [Function],
  "getAllByText": [Function],
  "getAllByTitle": [Function],
  "getByAltText": [Function],
  "getByDisplayValue": [Function],
  "getByLabelText": [Function],
  "getByPlaceholderText": [Function],
  "getByRole": [Function],
  "getByTestId": [Function],
  "getByText": [Function],
  "getByTitle": [Function],
  "queryAllByAltText": [Function],
  "queryAllByDisplayValue": [Function],
  "queryAllByLabelText": [Function],
  "queryAllByPlaceholderText": [Function],
  "queryAllByRole": [Function],
  "queryAllByTestId": [Function],
  "queryAllByText": [Function],
  "queryAllByTitle": [Function],
  "queryByAltText": [Function],
  "queryByDisplayValue": [Function],
  "queryByLabelText": [Function],
  "queryByPlaceholderText": [Function],
  "queryByRole": [Function],
  "queryByTestId": [Function],
  "queryByText": [Function],
  "queryByTitle": [Function],
  "rerender": [Function],
  "unmount": [Function],
}
`;
